<html>
<body>
<pre>
<h1>µVision Build Log</h1>
<h2>Tool Versions:</h2>
IDE-Version: ¦ÌVision V5.41.0.0
Copyright (C) 2024 ARM Ltd and ARM Germany GmbH. All rights reserved.
License Information: 1 BXJ, 1, LIC=ESNMH-F6QAT-W58TY-WIMVC-RM735-GN9TJ
 
Tool Versions:
Toolchain:       MDK-ARM Community  Version: 5.41.0.0
Toolchain Path:  C:\Users\BXJ\AppData\Local\Keil_v5\ARM\ARM_Compiler_5.06u7\Bin
C Compiler:      Armcc.exe V5.06 update 7 (build 960)
Assembler:       Armasm.exe V5.06 update 7 (build 960)
Linker/Locator:  ArmLink.exe V5.06 update 7 (build 960)
Library Manager: ArmAr.exe V5.06 update 7 (build 960)
Hex Converter:   FromElf.exe V5.06 update 7 (build 960)
CPU DLL:         SARMCM3.DLL V5.41.0.0
Dialog DLL:      DCM.DLL V1.17.5.0
Target DLL:      STLink\ST-LINKIII-KEIL_SWO.dll V3.3.0.0
Dialog DLL:      TCM.DLL V1.56.4.0
 
<h2>Project:</h2>
C:\Users\BXJ\Desktop\keilproject\AS32TTL1W\last\1(4)\1(3)\1\project.uvprojx
Project File Date:  11/09/2024

<h2>Output:</h2>
*** Using Compiler 'V5.06 update 7 (build 960)', folder: 'C:\Users\BXJ\AppData\Local\Keil_v5\ARM\ARM_Compiler_5.06u7\Bin'
Build target 'Target 1'
compiling system_stm32f10x.c...
assembling startup_stm32f10x_md.s...
compiling core_cm3.c...
compiling stm32f10x_bkp.c...
compiling misc.c...
compiling stm32f10x_can.c...
compiling stm32f10x_dbgmcu.c...
compiling stm32f10x_crc.c...
compiling stm32f10x_adc.c...
compiling stm32f10x_cec.c...
compiling stm32f10x_dma.c...
compiling stm32f10x_dac.c...
compiling stm32f10x_exti.c...
compiling stm32f10x_flash.c...
compiling stm32f10x_fsmc.c...
compiling stm32f10x_gpio.c...
compiling stm32f10x_i2c.c...
compiling stm32f10x_iwdg.c...
compiling stm32f10x_pwr.c...
compiling stm32f10x_rtc.c...
compiling stm32f10x_rcc.c...
compiling stm32f10x_spi.c...
compiling stm32f10x_sdio.c...
compiling stm32f10x_usart.c...
compiling stm32f10x_wwdg.c...
compiling drv_delay.c...
compiling Key.c...
Hardware\Key.c(20): warning:  #223-D: function "Delay_ms" declared implicitly
  		Delay_ms(20);
Hardware\Key.c(27): warning:  #223-D: function "Delay_ms" declared implicitly
  		Delay_ms(20);
Hardware\Key.c: 2 warnings, 0 errors
compiling stm32f10x_tim.c...
compiling OLED.c...
compiling drv_led.c...
compiling drv_AS62.c...
compiling drv_uart.c...
compiling Serial.c...
Hardware\Serial.c(30): warning:  #550-D: variable "NVIC_InitStruct"  was set but never used
  		NVIC_InitTypeDef NVIC_InitStruct;
Hardware\Serial.c: 1 warning, 0 errors
compiling Timer.c...
compiling Delay.c...
compiling main.c...
compiling stm32f10x_it.c...
linking...
Program Size: Code=5024 RO-data=1812 RW-data=292 ZI-data=1636  
".\Objects\project.axf" - 0 Error(s), 3 Warning(s).

<h2>Software Packages used:</h2>

Package Vendor: Keil
                https://www.keil.com/pack/Keil.STM32F1xx_DFP.2.4.1.pack
                Keil::STM32F1xx_DFP@2.4.1
                STMicroelectronics STM32F1 Series Device Support, Drivers and Examples

<h2>Collection of Component include folders:</h2>
  C:/Users/BXJ/AppData/Local/Arm/Packs/Keil/STM32F1xx_DFP/2.4.1/Device/Include

<h2>Collection of Component Files used:</h2>
Build Time Elapsed:  00:00:02
</pre>
</body>
</html>
